<html>
<body>
<pre>
<h1>礦ision Build Log</h1>
<h2>Tool Versions:</h2>
IDE-Version: μVision V5.25.2.0
Copyright (C) 2018 ARM Ltd and ARM Germany GmbH. All rights reserved.
License Information: 71 71, 71, LIC=GMZI6-DU2A7-VEMHA-1AJM6-W5ZIG-8RT7T
 
Tool Versions:
Toolchain:       MDK-ARM Plus  Version: 5.25.2.0
Toolchain Path:  D:\Keil5\ARM\ARMCC\Bin
C Compiler:      Armcc.exe V5.06 update 6 (build 750)
Assembler:       Armasm.exe V5.06 update 6 (build 750)
Linker/Locator:  ArmLink.exe V5.06 update 6 (build 750)
Library Manager: ArmAr.exe V5.06 update 6 (build 750)
Hex Converter:   FromElf.exe V5.06 update 6 (build 750)
CPU DLL:         SARMCM3.DLL V5.25.2.0
Dialog DLL:      DCM.DLL V1.17.1.0
Target DLL:      STLink\ST-LINKIII-KEIL_SWO.dll V3.0.1.0
Dialog DLL:      TCM.DLL V1.35.1.0
 
<h2>Project:</h2>
C:\Users\wl123\Desktop\跳绳资料\跳绳资料\mcu_demo\examples\none_evm\ble_simple_peripheral\keil\ble_simple_peripheral.uvprojx
Project File Date:  12/21/2023

<h2>Output:</h2>
*** Using Compiler 'V5.06 update 6 (build 750)', folder: 'D:\Keil5\ARM\ARMCC\Bin'
Rebuild target 'ble_simple_peripheral'
compiling button.c...
compiling simple_gatt_service.c...
..\..\..\..\components\ble\profiles\ble_simple_profile\simple_gatt_service.c(387): warning:  #111-D: statement is unreachable
  							break;
..\..\..\..\components\ble\profiles\ble_simple_profile\simple_gatt_service.c(395): warning:  #111-D: statement is unreachable
  							break;
..\..\..\..\components\ble\profiles\ble_simple_profile\simple_gatt_service.c(402): warning:  #111-D: statement is unreachable
  							break;						
..\..\..\..\components\ble\profiles\ble_simple_profile\simple_gatt_service.c(409): warning:  #111-D: statement is unreachable
  							break;		
..\..\..\..\components\ble\profiles\ble_simple_profile\simple_gatt_service.c(416): warning:  #111-D: statement is unreachable
  							break;	
..\..\..\..\components\ble\profiles\ble_simple_profile\simple_gatt_service.c(423): warning:  #111-D: statement is unreachable
  							break;				
..\..\..\..\components\ble\profiles\ble_simple_profile\simple_gatt_service.c(430): warning:  #111-D: statement is unreachable
  							break;		
..\..\..\..\components\ble\profiles\ble_simple_profile\simple_gatt_service.c(449): warning:  #111-D: statement is unreachable
  							break;
..\..\..\..\components\ble\profiles\ble_simple_profile\simple_gatt_service.c: 8 warnings, 0 errors
compiling led.c...
compiling lcd.c...
compiling driver_iic.c...
compiling ble_simple_peripheral.c...
compiling proj_main.c...
compiling ota_service.c...
compiling user_task.c...
compiling lcd_init.c...
compiling driver_pmu_qdec.c...
compiling driver_keyscan.c...
compiling ota.c...
compiling driver_wdt.c...
compiling driver_rtc.c...
compiling driver_uart.c...
assembling app_boot_vectors.s...
compiling driver_pmu.c...
compiling driver_exti.c...
compiling driver_efuse.c...
compiling driver_timer.c...
compiling core_cm3_isr.c...
compiling driver_i2s.c...
compiling patch.c...
linking...
Program Size: Code=106676 RO-data=24092 RW-data=1156 ZI-data=4992  
After Build - User command #1: fromelf.exe  --text  -c -o Output/ble_simple_peripheral.txt  Objects/ble_simple_peripheral.axf
After Build - User command #2: fromelf.exe  --bin -o Output/ble_simple_peripheral.bin  Objects/ble_simple_peripheral.axf
".\Objects\ble_simple_peripheral.axf" - 0 Error(s), 8 Warning(s).

<h2>Software Packages used:</h2>

Package Vendor: ARM
                http://www.keil.com/pack/ARM.CMSIS.5.3.0.pack
                ARM.CMSIS.5.3.0
                CMSIS (Cortex Microcontroller Software Interface Standard)
   * Component: CORE Version: 5.1.1

<h2>Collection of Component include folders:</h2>
  .\RTE\_ble_simple_peripheral
  D:\Keil5\ARM\PACK\ARM\CMSIS\5.3.0\CMSIS\Include
  D:\Keil5\ARM\PACK\ARM\CMSIS\5.3.0\Device\ARM\ARMCM3\Include

<h2>Collection of Component Files used:</h2>

   * Component: ARM::CMSIS:CORE:5.1.1
Build Time Elapsed:  00:00:02
</pre>
</body>
</html>
